******************************************************************************
                  TI ARM Linker PC v20.2.7                     
******************************************************************************
>> Linked Sun Nov 10 10:34:15 2024

OUTPUT FILE NAME:   <Digital filter.out>
ENTRY POINT SYMBOL: "_c_int00_noargs"  address: 000008f1


MEMORY CONFIGURATION

         name            origin    length      used     unused   attr    fill
----------------------  --------  ---------  --------  --------  ----  --------
  FLASH                 00000000   00040000  000009f2  0003f60e  R  X
  SRAM                  20000000   00008000  00000300  00007d00  RW X


SEGMENT ALLOCATION MAP

run origin  load origin   length   init length attrs members
----------  ----------- ---------- ----------- ----- -------
00000000    00000000    000009f8   000009f8    r-x
  00000000    00000000    0000026c   0000026c    r-- .intvecs
  0000026c    0000026c    000006f6   000006f6    r-x .text
  00000968    00000968    00000090   00000090    r-- .cinit
20000000    20000000    00000300   00000000    rw-
  20000000    20000000    00000200   00000000    rw- .stack
  20000200    20000200    000000f8   00000000    rw- .data
  200002f8    200002f8    00000008   00000000    rw- .bss


SECTION ALLOCATION MAP

 output                                  attributes/
section   page    origin      length       input sections
--------  ----  ----------  ----------   ----------------
.intvecs   0    00000000    0000026c     
                  00000000    0000026c     tm4c123gh6pm_startup_ccs.obj (.intvecs)

.text      0    0000026c    000006f6     
                  0000026c    00000288     main.obj (.text)
                  000004f4    00000136     rtsv7M4_T_le_v4SPD16_eabi.lib : fd_div_t2.asm.obj (.text)
                  0000062a    000000fc                                   : fd_mul_t2.asm.obj (.text)
                  00000726    0000009c                                   : memcpy_t2.asm.obj (.text)
                  000007c2    00000068                                   : copy_decompress_lzss.c.obj (.text:decompress:lzss:__TI_decompress_lzss)
                  0000082a    00000048                                   : fd_toi_t2.asm.obj (.text)
                  00000872    00000002     --HOLE-- [fill = 0]
                  00000874    00000044                                   : autoinit.c.obj (.text:__TI_auto_init_nobinit_nopinit:__TI_auto_init_nobinit_nopinit)
                  000008b8    00000038                                   : fs_tod_t2.asm.obj (.text)
                  000008f0    00000034                                   : boot_cortex_m.c.obj (.text:_c_int00_noargs:_c_int00_noargs)
                  00000924    0000001c                                   : copy_zero_init.c.obj (.text:decompress:ZI:__TI_zero_init_nomemset:__TI_zero_init_nomemset)
                  00000940    0000000e                                   : copy_decompress_none.c.obj (.text:decompress:none:__TI_decompress_none)
                  0000094e    0000000c     tm4c123gh6pm_startup_ccs.obj (.text)
                  0000095a    00000004     rtsv7M4_T_le_v4SPD16_eabi.lib : pre_init.c.obj (.text:_system_pre_init)
                  0000095e    00000004                                   : exit.c.obj (.text:abort:abort)

.cinit     0    00000968    00000090     
                  00000968    0000006c     (.cinit..data.load) [load image, compression = lzss]
                  000009d4    0000000c     (__TI_handler_table)
                  000009e0    00000008     (.cinit..bss.load) [load image, compression = zero_init]
                  000009e8    00000010     (__TI_cinit_table)

.init_array 
*          0    00000000    00000000     UNINITIALIZED

.data      0    20000200    000000f8     UNINITIALIZED
                  20000200    0000007c     main.obj (.data:fir_coefficients)
                  2000027c    0000007c     main.obj (.data:input_buffer)

.bss       0    200002f8    00000008     UNINITIALIZED
                  200002f8    00000004     (.common:adc_value)
                  200002fc    00000004     (.common:filtered_output)

.stack     0    20000000    00000200     UNINITIALIZED
                  20000000    00000004     rtsv7M4_T_le_v4SPD16_eabi.lib : boot_cortex_m.c.obj (.stack)
                  20000004    000001fc     --HOLE--

__llvm_prf_cnts 
*          0    20000000    00000000     UNINITIALIZED

MODULE SUMMARY

       Module                         code   ro data   rw data
       ------                         ----   -------   -------
    .\
       main.obj                       648    0         256    
       tm4c123gh6pm_startup_ccs.obj   12     620       0      
    +--+------------------------------+------+---------+---------+
       Total:                         660    620       256    
                                                              
    C:\ti\ccs1271\ccs\tools\compiler\ti-cgt-arm_20.2.7.LTS\lib\rtsv7M4_T_le_v4SPD16_eabi.lib
       fd_div_t2.asm.obj              310    0         0      
       fd_mul_t2.asm.obj              252    0         0      
       memcpy_t2.asm.obj              156    0         0      
       copy_decompress_lzss.c.obj     104    0         0      
       fd_toi_t2.asm.obj              72     0         0      
       autoinit.c.obj                 68     0         0      
       fs_tod_t2.asm.obj              56     0         0      
       boot_cortex_m.c.obj            52     0         0      
       copy_zero_init.c.obj           28     0         0      
       copy_decompress_none.c.obj     14     0         0      
       exit.c.obj                     4      0         0      
       pre_init.c.obj                 4      0         0      
    +--+------------------------------+------+---------+---------+
       Total:                         1120   0         0      
                                                              
       Stack:                         0      0         512    
       Linker Generated:              0      144       0      
    +--+------------------------------+------+---------+---------+
       Grand Total:                   1780   764       768    


LINKER GENERATED COPY TABLES

__TI_cinit_table @ 000009e8 records: 2, size/record: 8, table size: 16
	.data: load addr=00000968, load size=0000006c bytes, run addr=20000200, run size=000000f8 bytes, compression=lzss
	.bss: load addr=000009e0, load size=00000008 bytes, run addr=200002f8, run size=00000008 bytes, compression=zero_init


LINKER GENERATED HANDLER TABLE

__TI_handler_table @ 000009d4 records: 3, size/record: 4, table size: 12
	index: 0, handler: __TI_decompress_lzss
	index: 1, handler: __TI_decompress_none
	index: 2, handler: __TI_zero_init


GLOBAL SYMBOLS: SORTED ALPHABETICALLY BY Name 

address   name                          
-------   ----                          
00000391  ADC0Seq3_Handler              
0000026d  ADC_Init                      
0000095f  C$$EXIT                       
00000327  PWM_Init                      
0000094f  ResetISR                      
000003a1  Timer0A_Handler               
000002e5  Timer0A_Init                  
20000200  __STACK_END                   
00000200  __STACK_SIZE                  
20000200  __STACK_TOP                   
000009e8  __TI_CINIT_Base               
000009f8  __TI_CINIT_Limit              
000009d4  __TI_Handler_Table_Base       
000009e0  __TI_Handler_Table_Limit      
00000875  __TI_auto_init_nobinit_nopinit
000007c3  __TI_decompress_lzss          
00000941  __TI_decompress_none          
ffffffff  __TI_pprof_out_hndl           
ffffffff  __TI_prof_data_size           
ffffffff  __TI_prof_data_start          
00000000  __TI_static_base__            
00000925  __TI_zero_init_nomemset       
0000082b  __aeabi_d2iz                  
000004f5  __aeabi_ddiv                  
0000062b  __aeabi_dmul                  
000008b9  __aeabi_f2d                   
00000727  __aeabi_memcpy                
00000727  __aeabi_memcpy4               
00000727  __aeabi_memcpy8               
ffffffff  __binit__                     
ffffffff  __c_args__                    
UNDEFED   __mpu_init                    
20000000  __stack                       
20000000  __start___llvm_prf_cnts       
20000000  __stop___llvm_prf_cnts        
000008f1  _c_int00_noargs               
UNDEFED   _system_post_cinit            
0000095b  _system_pre_init              
0000095f  abort                         
200002f8  adc_value                     
ffffffff  binit                         
200002fc  filtered_output               
20000200  fir_coefficients              
00000000  g_pfnVectors                  
2000027c  input_buffer                  
00000449  main                          
00000727  memcpy                        


GLOBAL SYMBOLS: SORTED BY Symbol Address 

address   name                          
-------   ----                          
00000000  __TI_static_base__            
00000000  g_pfnVectors                  
00000200  __STACK_SIZE                  
0000026d  ADC_Init                      
000002e5  Timer0A_Init                  
00000327  PWM_Init                      
00000391  ADC0Seq3_Handler              
000003a1  Timer0A_Handler               
00000449  main                          
000004f5  __aeabi_ddiv                  
0000062b  __aeabi_dmul                  
00000727  __aeabi_memcpy                
00000727  __aeabi_memcpy4               
00000727  __aeabi_memcpy8               
00000727  memcpy                        
000007c3  __TI_decompress_lzss          
0000082b  __aeabi_d2iz                  
00000875  __TI_auto_init_nobinit_nopinit
000008b9  __aeabi_f2d                   
000008f1  _c_int00_noargs               
00000925  __TI_zero_init_nomemset       
00000941  __TI_decompress_none          
0000094f  ResetISR                      
0000095b  _system_pre_init              
0000095f  C$$EXIT                       
0000095f  abort                         
000009d4  __TI_Handler_Table_Base       
000009e0  __TI_Handler_Table_Limit      
000009e8  __TI_CINIT_Base               
000009f8  __TI_CINIT_Limit              
20000000  __stack                       
20000000  __start___llvm_prf_cnts       
20000000  __stop___llvm_prf_cnts        
20000200  __STACK_END                   
20000200  __STACK_TOP                   
20000200  fir_coefficients              
2000027c  input_buffer                  
200002f8  adc_value                     
200002fc  filtered_output               
ffffffff  __TI_pprof_out_hndl           
ffffffff  __TI_prof_data_size           
ffffffff  __TI_prof_data_start          
ffffffff  __binit__                     
ffffffff  __c_args__                    
ffffffff  binit                         
UNDEFED   __mpu_init                    
UNDEFED   _system_post_cinit            

[47 symbols]
